// Jest Snapshot v1, https://goo.gl/fbAQLP

exports[`<ToggleModal /> should render a modal with a button 1`] = `
<Fragment>
  <Button
    hasLegacyMargins={false}
    iconAlignment="left"
    onClick={[Function]}
    type="primary"
  >
    Click Me
  </Button>
  <Modal
    handleClose={[Function]}
    isOpen={false}
    offsetZIndex={0}
    showCloseButton={true}
    size="medium"
    useSubcomponents={false}
  >
    Hello this is a Modal
  </Modal>
</Fragment>
`;
