// Jest Snapshot v1, https://goo.gl/fbAQLP

exports[`Pill Index should export Pill Component 1`] = `"Pill"`;
