// Jest Snapshot v1, https://goo.gl/fbAQLP

exports[`StatusIndicator Index should export StatusIndicator Component 1`] = `"StatusIndicator"`;
