// Jest Snapshot v1, https://goo.gl/fbAQLP

exports[`Comment Renders successfully a test message 1`] = `
<div>
  Testing
</div>
`;
