// Jest Snapshot v1, https://goo.gl/fbAQLP

exports[`<ColorsGrid /> should render a color component 1`] = `
.c1 {
  width: 10em;
  height: 7.5em;
  background-color: #432DF3;
  margin-bottom: 1em;
}

.c3 {
  width: 10em;
  height: 7.5em;
  background-color: #04DBAC;
  margin-bottom: 1em;
}

.c4 {
  width: 10em;
  height: 7.5em;
  background-color: #FFDD37;
  margin-bottom: 1em;
}

.c5 {
  width: 10em;
  height: 7.5em;
  background-color: #FF4D50;
  margin-bottom: 1em;
}

.c6 {
  width: 10em;
  height: 7.5em;
  background-color: #03DEEB;
  margin-bottom: 1em;
}

.c7 {
  width: 10em;
  height: 7.5em;
  background-color: #A35AFF;
  margin-bottom: 1em;
}

.c8 {
  width: 10em;
  height: 7.5em;
  background-color: #303035;
  margin-bottom: 1em;
}

.c9 {
  width: 10em;
  height: 7.5em;
  background-color: #B3B3B5;
  margin-bottom: 1em;
}

.c10 {
  width: 10em;
  height: 7.5em;
  background-color: #E4E4E5;
  margin-bottom: 1em;
}

.c11 {
  width: 10em;
  height: 7.5em;
  background-color: #F5F7F9;
  margin-bottom: 1em;
}

.c12 {
  width: 10em;
  height: 7.5em;
  background-color: #F5F5F5;
  margin-bottom: 1em;
}

.c2 {
  font-weight: 600;
}

.c0 {
  display: -webkit-box;
  display: -webkit-flex;
  display: -ms-flexbox;
  display: flex;
  -webkit-flex-wrap: wrap;
  -ms-flex-wrap: wrap;
  flex-wrap: wrap;
  max-width: 50rem;
  margin-left: 0;
}

<ColorsGrid
  colors={
    Array [
      Object {
        "hex": "#432DF3",
        "name": "intelli-royal-blue",
      },
      Object {
        "hex": "#04DBAC",
        "name": "intelli-green",
      },
      Object {
        "hex": "#FFDD37",
        "name": "intelli-yellow",
      },
      Object {
        "hex": "#FF4D50",
        "name": "intelli-red",
      },
      Object {
        "hex": "#03DEEB",
        "name": "intelli-cyan",
      },
      Object {
        "hex": "#A35AFF",
        "name": "intelli-purple",
      },
      Object {
        "hex": "#303035",
        "name": "intelli-charcoal",
      },
      Object {
        "hex": "#B3B3B5",
        "name": "intelli-grey-1",
      },
      Object {
        "hex": "#E4E4E5",
        "name": "intelli-grey-2",
      },
      Object {
        "hex": "#F5F7F9",
        "name": "intelli-base-white",
      },
      Object {
        "hex": "#F5F5F5",
        "name": "intelli-off-white",
      },
    ]
  }
>
  <styled.div>
    <div
      className="c0"
    >
      <Color
        description="intelli-royal-blue"
        hex="#432DF3"
        key="intelli-royal-blue"
      >
        <div>
          <styled.div
            hex="#432DF3"
          >
            <div
              className="c1"
            />
          </styled.div>
          <styled.p>
            <p
              className="c2"
            >
               
              intelli-royal-blue
               
            </p>
          </styled.p>
          <p>
             
            #432DF3
             
          </p>
        </div>
      </Color>
      <Color
        description="intelli-green"
        hex="#04DBAC"
        key="intelli-green"
      >
        <div>
          <styled.div
            hex="#04DBAC"
          >
            <div
              className="c3"
            />
          </styled.div>
          <styled.p>
            <p
              className="c2"
            >
               
              intelli-green
               
            </p>
          </styled.p>
          <p>
             
            #04DBAC
             
          </p>
        </div>
      </Color>
      <Color
        description="intelli-yellow"
        hex="#FFDD37"
        key="intelli-yellow"
      >
        <div>
          <styled.div
            hex="#FFDD37"
          >
            <div
              className="c4"
            />
          </styled.div>
          <styled.p>
            <p
              className="c2"
            >
               
              intelli-yellow
               
            </p>
          </styled.p>
          <p>
             
            #FFDD37
             
          </p>
        </div>
      </Color>
      <Color
        description="intelli-red"
        hex="#FF4D50"
        key="intelli-red"
      >
        <div>
          <styled.div
            hex="#FF4D50"
          >
            <div
              className="c5"
            />
          </styled.div>
          <styled.p>
            <p
              className="c2"
            >
               
              intelli-red
               
            </p>
          </styled.p>
          <p>
             
            #FF4D50
             
          </p>
        </div>
      </Color>
      <Color
        description="intelli-cyan"
        hex="#03DEEB"
        key="intelli-cyan"
      >
        <div>
          <styled.div
            hex="#03DEEB"
          >
            <div
              className="c6"
            />
          </styled.div>
          <styled.p>
            <p
              className="c2"
            >
               
              intelli-cyan
               
            </p>
          </styled.p>
          <p>
             
            #03DEEB
             
          </p>
        </div>
      </Color>
      <Color
        description="intelli-purple"
        hex="#A35AFF"
        key="intelli-purple"
      >
        <div>
          <styled.div
            hex="#A35AFF"
          >
            <div
              className="c7"
            />
          </styled.div>
          <styled.p>
            <p
              className="c2"
            >
               
              intelli-purple
               
            </p>
          </styled.p>
          <p>
             
            #A35AFF
             
          </p>
        </div>
      </Color>
      <Color
        description="intelli-charcoal"
        hex="#303035"
        key="intelli-charcoal"
      >
        <div>
          <styled.div
            hex="#303035"
          >
            <div
              className="c8"
            />
          </styled.div>
          <styled.p>
            <p
              className="c2"
            >
               
              intelli-charcoal
               
            </p>
          </styled.p>
          <p>
             
            #303035
             
          </p>
        </div>
      </Color>
      <Color
        description="intelli-grey-1"
        hex="#B3B3B5"
        key="intelli-grey-1"
      >
        <div>
          <styled.div
            hex="#B3B3B5"
          >
            <div
              className="c9"
            />
          </styled.div>
          <styled.p>
            <p
              className="c2"
            >
               
              intelli-grey-1
               
            </p>
          </styled.p>
          <p>
             
            #B3B3B5
             
          </p>
        </div>
      </Color>
      <Color
        description="intelli-grey-2"
        hex="#E4E4E5"
        key="intelli-grey-2"
      >
        <div>
          <styled.div
            hex="#E4E4E5"
          >
            <div
              className="c10"
            />
          </styled.div>
          <styled.p>
            <p
              className="c2"
            >
               
              intelli-grey-2
               
            </p>
          </styled.p>
          <p>
             
            #E4E4E5
             
          </p>
        </div>
      </Color>
      <Color
        description="intelli-base-white"
        hex="#F5F7F9"
        key="intelli-base-white"
      >
        <div>
          <styled.div
            hex="#F5F7F9"
          >
            <div
              className="c11"
            />
          </styled.div>
          <styled.p>
            <p
              className="c2"
            >
               
              intelli-base-white
               
            </p>
          </styled.p>
          <p>
             
            #F5F7F9
             
          </p>
        </div>
      </Color>
      <Color
        description="intelli-off-white"
        hex="#F5F5F5"
        key="intelli-off-white"
      >
        <div>
          <styled.div
            hex="#F5F5F5"
          >
            <div
              className="c12"
            />
          </styled.div>
          <styled.p>
            <p
              className="c2"
            >
               
              intelli-off-white
               
            </p>
          </styled.p>
          <p>
             
            #F5F5F5
             
          </p>
        </div>
      </Color>
    </div>
  </styled.div>
</ColorsGrid>
`;
