// Jest Snapshot v1, https://goo.gl/fbAQLP

exports[`<Color /> should render a color component 1`] = `
.c0 {
  width: 10em;
  height: 7.5em;
  background-color: #432DF3;
  margin-bottom: 1em;
}

.c1 {
  font-weight: 600;
}

<Color
  description="intelli-royal-blue"
  hex="#432DF3"
>
  <div>
    <styled.div
      hex="#432DF3"
    >
      <div
        className="c0"
      />
    </styled.div>
    <styled.p>
      <p
        className="c1"
      >
         
        intelli-royal-blue
         
      </p>
    </styled.p>
    <p>
       
      #432DF3
       
    </p>
  </div>
</Color>
`;
