// Jest Snapshot v1, https://goo.gl/fbAQLP

exports[`<Rows /> Simple Rows behaviour should match the snapshot 1`] = `<Row />`;
